Archive member included to satisfy reference by file (symbol)

c:/users/owenc/.eclipse/com.st.stm32cube.ide.mcu.rcp.product_1.11.2_353793806_win32_win32_x86_64/plugins/com.st.stm32cube.ide.mcu.externaltools.gnu-tools-for-stm32.10.3-2021.10.win32_1.0.200.202301161003/tools/bin/../lib/gcc/arm-none-eabi/10.3.1/../../../../arm-none-eabi/lib/thumb/v7e-m+fp/hard\libc_nano.a(lib_a-errno.o)
                              ./Core/Src/syscalls.o (__errno)
c:/users/owenc/.eclipse/com.st.stm32cube.ide.mcu.rcp.product_1.11.2_353793806_win32_win32_x86_64/plugins/com.st.stm32cube.ide.mcu.externaltools.gnu-tools-for-stm32.10.3-2021.10.win32_1.0.200.202301161003/tools/bin/../lib/gcc/arm-none-eabi/10.3.1/../../../../arm-none-eabi/lib/thumb/v7e-m+fp/hard\libc_nano.a(lib_a-exit.o)
                              c:/users/owenc/.eclipse/com.st.stm32cube.ide.mcu.rcp.product_1.11.2_353793806_win32_win32_x86_64/plugins/com.st.stm32cube.ide.mcu.externaltools.gnu-tools-for-stm32.10.3-2021.10.win32_1.0.200.202301161003/tools/bin/../lib/gcc/arm-none-eabi/10.3.1/../../../../arm-none-eabi/lib/thumb/v7e-m+fp/hard/crt0.o (exit)
c:/users/owenc/.eclipse/com.st.stm32cube.ide.mcu.rcp.product_1.11.2_353793806_win32_win32_x86_64/plugins/com.st.stm32cube.ide.mcu.externaltools.gnu-tools-for-stm32.10.3-2021.10.win32_1.0.200.202301161003/tools/bin/../lib/gcc/arm-none-eabi/10.3.1/../../../../arm-none-eabi/lib/thumb/v7e-m+fp/hard\libc_nano.a(lib_a-impure.o)
                              c:/users/owenc/.eclipse/com.st.stm32cube.ide.mcu.rcp.product_1.11.2_353793806_win32_win32_x86_64/plugins/com.st.stm32cube.ide.mcu.externaltools.gnu-tools-for-stm32.10.3-2021.10.win32_1.0.200.202301161003/tools/bin/../lib/gcc/arm-none-eabi/10.3.1/../../../../arm-none-eabi/lib/thumb/v7e-m+fp/hard\libc_nano.a(lib_a-exit.o) (_global_impure_ptr)
c:/users/owenc/.eclipse/com.st.stm32cube.ide.mcu.rcp.product_1.11.2_353793806_win32_win32_x86_64/plugins/com.st.stm32cube.ide.mcu.externaltools.gnu-tools-for-stm32.10.3-2021.10.win32_1.0.200.202301161003/tools/bin/../lib/gcc/arm-none-eabi/10.3.1/../../../../arm-none-eabi/lib/thumb/v7e-m+fp/hard\libc_nano.a(lib_a-init.o)
                              c:/users/owenc/.eclipse/com.st.stm32cube.ide.mcu.rcp.product_1.11.2_353793806_win32_win32_x86_64/plugins/com.st.stm32cube.ide.mcu.externaltools.gnu-tools-for-stm32.10.3-2021.10.win32_1.0.200.202301161003/tools/bin/../lib/gcc/arm-none-eabi/10.3.1/../../../../arm-none-eabi/lib/thumb/v7e-m+fp/hard/crt0.o (__libc_init_array)
c:/users/owenc/.eclipse/com.st.stm32cube.ide.mcu.rcp.product_1.11.2_353793806_win32_win32_x86_64/plugins/com.st.stm32cube.ide.mcu.externaltools.gnu-tools-for-stm32.10.3-2021.10.win32_1.0.200.202301161003/tools/bin/../lib/gcc/arm-none-eabi/10.3.1/../../../../arm-none-eabi/lib/thumb/v7e-m+fp/hard\libc_nano.a(lib_a-memset.o)
                              c:/users/owenc/.eclipse/com.st.stm32cube.ide.mcu.rcp.product_1.11.2_353793806_win32_win32_x86_64/plugins/com.st.stm32cube.ide.mcu.externaltools.gnu-tools-for-stm32.10.3-2021.10.win32_1.0.200.202301161003/tools/bin/../lib/gcc/arm-none-eabi/10.3.1/../../../../arm-none-eabi/lib/thumb/v7e-m+fp/hard/crt0.o (memset)
c:/users/owenc/.eclipse/com.st.stm32cube.ide.mcu.rcp.product_1.11.2_353793806_win32_win32_x86_64/plugins/com.st.stm32cube.ide.mcu.externaltools.gnu-tools-for-stm32.10.3-2021.10.win32_1.0.200.202301161003/tools/bin/../lib/gcc/arm-none-eabi/10.3.1/thumb/v7e-m+fp/hard\libgcc.a(_arm_muldf3.o)
                              ./Core/Src/MAX17043.o (__aeabi_dmul)
c:/users/owenc/.eclipse/com.st.stm32cube.ide.mcu.rcp.product_1.11.2_353793806_win32_win32_x86_64/plugins/com.st.stm32cube.ide.mcu.externaltools.gnu-tools-for-stm32.10.3-2021.10.win32_1.0.200.202301161003/tools/bin/../lib/gcc/arm-none-eabi/10.3.1/thumb/v7e-m+fp/hard\libgcc.a(_arm_addsubdf3.o)
                              ./Core/Src/MAX17043.o (__aeabi_f2d)
c:/users/owenc/.eclipse/com.st.stm32cube.ide.mcu.rcp.product_1.11.2_353793806_win32_win32_x86_64/plugins/com.st.stm32cube.ide.mcu.externaltools.gnu-tools-for-stm32.10.3-2021.10.win32_1.0.200.202301161003/tools/bin/../lib/gcc/arm-none-eabi/10.3.1/thumb/v7e-m+fp/hard\libgcc.a(_arm_truncdfsf2.o)
                              ./Core/Src/MAX17043.o (__aeabi_d2f)

Discarded input sections

 .text          0x0000000000000000        0x0 c:/users/owenc/.eclipse/com.st.stm32cube.ide.mcu.rcp.product_1.11.2_353793806_win32_win32_x86_64/plugins/com.st.stm32cube.ide.mcu.externaltools.gnu-tools-for-stm32.10.3-2021.10.win32_1.0.200.202301161003/tools/bin/../lib/gcc/arm-none-eabi/10.3.1/thumb/v7e-m+fp/hard/crti.o
 .data          0x0000000000000000        0x0 c:/users/owenc/.eclipse/com.st.stm32cube.ide.mcu.rcp.product_1.11.2_353793806_win32_win32_x86_64/plugins/com.st.stm32cube.ide.mcu.externaltools.gnu-tools-for-stm32.10.3-2021.10.win32_1.0.200.202301161003/tools/bin/../lib/gcc/arm-none-eabi/10.3.1/thumb/v7e-m+fp/hard/crti.o
[...]
Memory Configuration

Name             Origin             Length             Attributes
FLASH            0x0000000008000000 0x0000000000080000 xr
RAM1             0x0000000020000008 0x000000000002fff8 xrw
RAM_SHARED       0x0000000020030000 0x0000000000002800 xrw
*default*        0x0000000000000000 0xffffffffffffffff

Linker script and memory map

LOAD c:/users/owenc/.eclipse/com.st.stm32cube.ide.mcu.rcp.product_1.11.2_353793806_win32_win32_x86_64/plugins/com.st.stm32cube.ide.mcu.externaltools.gnu-tools-for-stm32.10.3-2021.10.win32_1.0.200.202301161003/tools/bin/../lib/gcc/arm-none-eabi/10.3.1/thumb/v7e-m+fp/hard/crti.o
LOAD c:/users/owenc/.eclipse/com.st.stm32cube.ide.mcu.rcp.product_1.11.2_353793806_win32_win32_x86_64/plugins/com.st.stm32cube.ide.mcu.externaltools.gnu-tools-for-stm32.10.3-2021.10.win32_1.0.200.202301161003/tools/bin/../lib/gcc/arm-none-eabi/10.3.1/thumb/v7e-m+fp/hard/crtbegin.o
LOAD c:/users/owenc/.eclipse/com.st.stm32cube.ide.mcu.rcp.product_1.11.2_353793806_win32_win32_x86_64/plugins/com.st.stm32cube.ide.mcu.externaltools.gnu-tools-for-stm32.10.3-2021.10.win32_1.0.200.202301161003/tools/bin/../lib/gcc/arm-none-eabi/10.3.1/../../../../arm-none-eabi/lib/thumb/v7e-m+fp/hard/crt0.o
LOAD ./Core/Src/MAX17043.o
LOAD ./Core/Src/main.o
LOAD ./Core/Src/stm32wbxx_hal_msp.o
LOAD ./Core/Src/stm32wbxx_it.o
LOAD ./Core/Src/syscalls.o
LOAD ./Core/Src/sysmem.o
LOAD ./Core/Src/system_stm32wbxx.o
LOAD ./Core/Startup/startup_stm32wb55rgvx.o
LOAD ./Drivers/STM32WBxx_HAL_Driver/Src/stm32wbxx_hal.o
LOAD ./Drivers/STM32WBxx_HAL_Driver/Src/stm32wbxx_hal_cortex.o
LOAD ./Drivers/STM32WBxx_HAL_Driver/Src/stm32wbxx_hal_dma.o
LOAD ./Drivers/STM32WBxx_HAL_Driver/Src/stm32wbxx_hal_dma_ex.o
LOAD ./Drivers/STM32WBxx_HAL_Driver/Src/stm32wbxx_hal_exti.o
LOAD ./Drivers/STM32WBxx_HAL_Driver/Src/stm32wbxx_hal_flash.o
LOAD ./Drivers/STM32WBxx_HAL_Driver/Src/stm32wbxx_hal_flash_ex.o
LOAD ./Drivers/STM32WBxx_HAL_Driver/Src/stm32wbxx_hal_gpio.o
LOAD ./Drivers/STM32WBxx_HAL_Driver/Src/stm32wbxx_hal_hsem.o
LOAD ./Drivers/STM32WBxx_HAL_Driver/Src/stm32wbxx_hal_i2c.o
LOAD ./Drivers/STM32WBxx_HAL_Driver/Src/stm32wbxx_hal_i2c_ex.o
LOAD ./Drivers/STM32WBxx_HAL_Driver/Src/stm32wbxx_hal_pwr.o
LOAD ./Drivers/STM32WBxx_HAL_Driver/Src/stm32wbxx_hal_pwr_ex.o
LOAD ./Drivers/STM32WBxx_HAL_Driver/Src/stm32wbxx_hal_rcc.o
LOAD ./Drivers/STM32WBxx_HAL_Driver/Src/stm32wbxx_hal_rcc_ex.o
LOAD ./Drivers/STM32WBxx_HAL_Driver/Src/stm32wbxx_ll_rcc.o
START GROUP
LOAD c:/users/owenc/.eclipse/com.st.stm32cube.ide.mcu.rcp.product_1.11.2_353793806_win32_win32_x86_64/plugins/com.st.stm32cube.ide.mcu.externaltools.gnu-tools-for-stm32.10.3-2021.10.win32_1.0.200.202301161003/tools/bin/../lib/gcc/arm-none-eabi/10.3.1/../../../../arm-none-eabi/lib/thumb/v7e-m+fp/hard\libc_nano.a
LOAD c:/users/owenc/.eclipse/com.st.stm32cube.ide.mcu.rcp.product_1.11.2_353793806_win32_win32_x86_64/plugins/com.st.stm32cube.ide.mcu.externaltools.gnu-tools-for-stm32.10.3-2021.10.win32_1.0.200.202301161003/tools/bin/../lib/gcc/arm-none-eabi/10.3.1/../../../../arm-none-eabi/lib/thumb/v7e-m+fp/hard\libm.a
END GROUP
START GROUP
LOAD c:/users/owenc/.eclipse/com.st.stm32cube.ide.mcu.rcp.product_1.11.2_353793806_win32_win32_x86_64/plugins/com.st.stm32cube.ide.mcu.externaltools.gnu-tools-for-stm32.10.3-2021.10.win32_1.0.200.202301161003/tools/bin/../lib/gcc/arm-none-eabi/10.3.1/thumb/v7e-m+fp/hard\libgcc.a
LOAD c:/users/owenc/.eclipse/com.st.stm32cube.ide.mcu.rcp.product_1.11.2_353793806_win32_win32_x86_64/plugins/com.st.stm32cube.ide.mcu.externaltools.gnu-tools-for-stm32.10.3-2021.10.win32_1.0.200.202301161003/tools/bin/../lib/gcc/arm-none-eabi/10.3.1/../../../../arm-none-eabi/lib/thumb/v7e-m+fp/hard\libc_nano.a
END GROUP
START GROUP
LOAD c:/users/owenc/.eclipse/com.st.stm32cube.ide.mcu.rcp.product_1.11.2_353793806_win32_win32_x86_64/plugins/com.st.stm32cube.ide.mcu.externaltools.gnu-tools-for-stm32.10.3-2021.10.win32_1.0.200.202301161003/tools/bin/../lib/gcc/arm-none-eabi/10.3.1/thumb/v7e-m+fp/hard\libgcc.a
LOAD c:/users/owenc/.eclipse/com.st.stm32cube.ide.mcu.rcp.product_1.11.2_353793806_win32_win32_x86_64/plugins/com.st.stm32cube.ide.mcu.externaltools.gnu-tools-for-stm32.10.3-2021.10.win32_1.0.200.202301161003/tools/bin/../lib/gcc/arm-none-eabi/10.3.1/../../../../arm-none-eabi/lib/thumb/v7e-m+fp/hard\libc_nano.a
LOAD c:/users/owenc/.eclipse/com.st.stm32cube.ide.mcu.rcp.product_1.11.2_353793806_win32_win32_x86_64/plugins/com.st.stm32cube.ide.mcu.externaltools.gnu-tools-for-stm32.10.3-2021.10.win32_1.0.200.202301161003/tools/bin/../lib/gcc/arm-none-eabi/10.3.1/../../../../arm-none-eabi/lib/thumb/v7e-m+fp/hard\libnosys.a
END GROUP
START GROUP
LOAD c:/users/owenc/.eclipse/com.st.stm32cube.ide.mcu.rcp.product_1.11.2_353793806_win32_win32_x86_64/plugins/com.st.stm32cube.ide.mcu.externaltools.gnu-tools-for-stm32.10.3-2021.10.win32_1.0.200.202301161003/tools/bin/../lib/gcc/arm-none-eabi/10.3.1/thumb/v7e-m+fp/hard\libgcc.a
LOAD c:/users/owenc/.eclipse/com.st.stm32cube.ide.mcu.rcp.product_1.11.2_353793806_win32_win32_x86_64/plugins/com.st.stm32cube.ide.mcu.externaltools.gnu-tools-for-stm32.10.3-2021.10.win32_1.0.200.202301161003/tools/bin/../lib/gcc/arm-none-eabi/10.3.1/../../../../arm-none-eabi/lib/thumb/v7e-m+fp/hard\libc_nano.a
LOAD c:/users/owenc/.eclipse/com.st.stm32cube.ide.mcu.rcp.product_1.11.2_353793806_win32_win32_x86_64/plugins/com.st.stm32cube.ide.mcu.externaltools.gnu-tools-for-stm32.10.3-2021.10.win32_1.0.200.202301161003/tools/bin/../lib/gcc/arm-none-eabi/10.3.1/../../../../arm-none-eabi/lib/thumb/v7e-m+fp/hard\libnosys.a
END GROUP
LOAD c:/users/owenc/.eclipse/com.st.stm32cube.ide.mcu.rcp.product_1.11.2_353793806_win32_win32_x86_64/plugins/com.st.stm32cube.ide.mcu.externaltools.gnu-tools-for-stm32.10.3-2021.10.win32_1.0.200.202301161003/tools/bin/../lib/gcc/arm-none-eabi/10.3.1/thumb/v7e-m+fp/hard/crtend.o
LOAD c:/users/owenc/.eclipse/com.st.stm32cube.ide.mcu.rcp.product_1.11.2_353793806_win32_win32_x86_64/plugins/com.st.stm32cube.ide.mcu.externaltools.gnu-tools-for-stm32.10.3-2021.10.win32_1.0.200.202301161003/tools/bin/../lib/gcc/arm-none-eabi/10.3.1/thumb/v7e-m+fp/hard/crtn.o
                0x0000000020030000                _estack = (ORIGIN (RAM1) + LENGTH (RAM1))
                0x0000000000000200                _Min_Heap_Size = 0x200
                0x0000000000000400                _Min_Stack_Size = 0x400

.isr_vector     0x0000000008000000      0x13c
                0x0000000008000000                . = ALIGN (0x4)
 *(.isr_vector)
 .isr_vector    0x0000000008000000      0x13c ./Core/Startup/startup_stm32wb55rgvx.o
                0x0000000008000000                g_pfnVectors
                0x000000000800013c                . = ALIGN (0x4)

.text           0x0000000008000140     0x38f4
                0x0000000008000140                . = ALIGN (0x4)
 *(.text)
 .text          0x0000000008000140       0x40 c:/users/owenc/.eclipse/com.st.stm32cube.ide.mcu.rcp.product_1.11.2_353793806_win32_win32_x86_64/plugins/com.st.stm32cube.ide.mcu.externaltools.gnu-tools-for-stm32.10.3-2021.10.win32_1.0.200.202301161003/tools/bin/../lib/gcc/arm-none-eabi/10.3.1/thumb/v7e-m+fp/hard/crtbegin.o
 .text          0x0000000008000180      0x254 c:/users/owenc/.eclipse/com.st.stm32cube.ide.mcu.rcp.product_1.11.2_353793806_win32_win32_x86_64/plugins/com.st.stm32cube.ide.mcu.externaltools.gnu-tools-for-stm32.10.3-2021.10.win32_1.0.200.202301161003/tools/bin/../lib/gcc/arm-none-eabi/10.3.1/thumb/v7e-m+fp/hard\libgcc.a(_arm_muldf3.o)
                0x0000000008000180                __muldf3
                0x0000000008000180                __aeabi_dmul
 .text          0x00000000080003d4      0x378 c:/users/owenc/.eclipse/com.st.stm32cube.ide.mcu.rcp.product_1.11.2_353793806_win32_win32_x86_64/plugins/com.st.stm32cube.ide.mcu.externaltools.gnu-tools-for-stm32.10.3-2021.10.win32_1.0.200.202301161003/tools/bin/../lib/gcc/arm-none-eabi/10.3.1/thumb/v7e-m+fp/hard\libgcc.a(_arm_addsubdf3.o)
                0x00000000080003d4                __aeabi_drsub
                0x00000000080003dc                __aeabi_dsub
                0x00000000080003dc                __subdf3
                0x00000000080003e0                __aeabi_dadd
                0x00000000080003e0                __adddf3
                0x0000000008000658                __floatunsidf
                0x0000000008000658                __aeabi_ui2d
                0x0000000008000678                __floatsidf
                0x0000000008000678                __aeabi_i2d
                0x000000000800069c                __aeabi_f2d
                0x000000000800069c                __extendsfdf2
                0x00000000080006e0                __floatundidf
                0x00000000080006e0                __aeabi_ul2d
                0x00000000080006f0                __floatdidf
                0x00000000080006f0                __aeabi_l2d
 .text          0x000000000800074c       0xa0 c:/users/owenc/.eclipse/com.st.stm32cube.ide.mcu.rcp.product_1.11.2_353793806_win32_win32_x86_64/plugins/com.st.stm32cube.ide.mcu.externaltools.gnu-tools-for-stm32.10.3-2021.10.win32_1.0.200.202301161003/tools/bin/../lib/gcc/arm-none-eabi/10.3.1/thumb/v7e-m+fp/hard\libgcc.a(_arm_truncdfsf2.o)
                0x000000000800074c                __truncdfsf2
                0x000000000800074c                __aeabi_d2f
 *(.text*)
 .text.MAX17043_Init
                0x00000000080007ec       0x2a ./Core/Src/MAX17043.o
                0x00000000080007ec                MAX17043_Init
 *fill*         0x0000000008000816        0x2 
 .text.MAX17043_ReadVoltage
                0x0000000008000818       0x98 ./Core/Src/MAX17043.o
                0x0000000008000818                MAX17043_ReadVoltage
 .text.MAX17043_ReadSoC
                0x00000000080008b0       0x9c ./Core/Src/MAX17043.o
                0x00000000080008b0                MAX17043_ReadSoC
 .text.LL_AHB2_GRP1_EnableClock
                0x000000000800094c       0x32 ./Core/Src/main.o
 *fill*         0x000000000800097e        0x2 
 .text.main     0x0000000008000980       0x4c ./Core/Src/main.o
                0x0000000008000980                main
 .text.SystemClock_Config
                0x00000000080009cc       0xa4 ./Core/Src/main.o
                0x00000000080009cc                SystemClock_Config
 .text.PeriphCommonClock_Config
                0x0000000008000a70       0x3a ./Core/Src/main.o
                0x0000000008000a70                PeriphCommonClock_Config
 *fill*         0x0000000008000aaa        0x2 
 .text.MX_I2C3_Init
                0x0000000008000aac       0x80 ./Core/Src/main.o
 .text.MX_GPIO_Init
                0x0000000008000b2c        0xe ./Core/Src/main.o
 .text.Error_Handler
                0x0000000008000b3a        0xa ./Core/Src/main.o
                0x0000000008000b3a                Error_Handler
 .text.LL_AHB2_GRP1_EnableClock
                0x0000000008000b44       0x32 ./Core/Src/stm32wbxx_hal_msp.o
 .text.LL_APB1_GRP1_EnableClock
                0x0000000008000b76       0x32 ./Core/Src/stm32wbxx_hal_msp.o
 .text.HAL_MspInit
                0x0000000008000ba8        0xe ./Core/Src/stm32wbxx_hal_msp.o
                0x0000000008000ba8                HAL_MspInit
 *fill*         0x0000000008000bb6        0x2 
 .text.HAL_I2C_MspInit
                0x0000000008000bb8       0x90 ./Core/Src/stm32wbxx_hal_msp.o
                0x0000000008000bb8                HAL_I2C_MspInit
 .text.NMI_Handler
                0x0000000008000c48        0x6 ./Core/Src/stm32wbxx_it.o
                0x0000000008000c48                NMI_Handler
 .text.HardFault_Handler
                0x0000000008000c4e        0x6 ./Core/Src/stm32wbxx_it.o
                0x0000000008000c4e                HardFault_Handler
 .text.MemManage_Handler
                0x0000000008000c54        0x6 ./Core/Src/stm32wbxx_it.o
                0x0000000008000c54                MemManage_Handler
 .text.BusFault_Handler
                0x0000000008000c5a        0x6 ./Core/Src/stm32wbxx_it.o
                0x0000000008000c5a                BusFault_Handler
 .text.UsageFault_Handler
                0x0000000008000c60        0x6 ./Core/Src/stm32wbxx_it.o
                0x0000000008000c60                UsageFault_Handler
 .text.SVC_Handler
                0x0000000008000c66        0xe ./Core/Src/stm32wbxx_it.o
                0x0000000008000c66                SVC_Handler
 .text.DebugMon_Handler
                0x0000000008000c74        0xe ./Core/Src/stm32wbxx_it.o
                0x0000000008000c74                DebugMon_Handler
 .text.PendSV_Handler
                0x0000000008000c82        0xe ./Core/Src/stm32wbxx_it.o
                0x0000000008000c82                PendSV_Handler
 .text.SysTick_Handler
                0x0000000008000c90        0xc ./Core/Src/stm32wbxx_it.o
                0x0000000008000c90                SysTick_Handler
 .text.SystemInit
                0x0000000008000c9c       0xa4 ./Core/Src/system_stm32wbxx.o
                0x0000000008000c9c                SystemInit
 .text.data_initializers
                0x0000000008000d40       0x18 ./Core/Startup/startup_stm32wb55rgvx.o
 .text.Reset_Handler
                0x0000000008000d58       0x58 ./Core/Startup/startup_stm32wb55rgvx.o
                0x0000000008000d58                Reset_Handler
 .text.Default_Handler
                0x0000000008000db0        0x2 ./Core/Startup/startup_stm32wb55rgvx.o
                0x0000000008000db0                RTC_Alarm_IRQHandler
                0x0000000008000db0                EXTI2_IRQHandler
                0x0000000008000db0                TIM1_CC_IRQHandler
                0x0000000008000db0                TSC_IRQHandler
                0x0000000008000db0                USB_HP_IRQHandler
                0x0000000008000db0                EXTI3_IRQHandler
                0x0000000008000db0                LPTIM2_IRQHandler
                0x0000000008000db0                I2C3_ER_IRQHandler
                0x0000000008000db0                EXTI0_IRQHandler
                0x0000000008000db0                FPU_IRQHandler
                0x0000000008000db0                TIM1_UP_TIM16_IRQHandler
                0x0000000008000db0                AES1_IRQHandler
                0x0000000008000db0                SPI1_IRQHandler
                0x0000000008000db0                PWR_SOTF_BLEACT_802ACT_RFPHASE_IRQHandler
                0x0000000008000db0                DMA2_Channel2_IRQHandler
                0x0000000008000db0                DMA1_Channel4_IRQHandler
                0x0000000008000db0                ADC1_IRQHandler
                0x0000000008000db0                PKA_IRQHandler
                0x0000000008000db0                DMA1_Channel7_IRQHandler
                0x0000000008000db0                LCD_IRQHandler
                0x0000000008000db0                IPCC_C1_TX_IRQHandler
                0x0000000008000db0                DMA2_Channel1_IRQHandler
                0x0000000008000db0                QUADSPI_IRQHandler
                0x0000000008000db0                I2C1_EV_IRQHandler
                0x0000000008000db0                DMAMUX1_OVR_IRQHandler
                0x0000000008000db0                DMA1_Channel6_IRQHandler
                0x0000000008000db0                DMA2_Channel4_IRQHandler
                0x0000000008000db0                RCC_IRQHandler
                0x0000000008000db0                DMA1_Channel1_IRQHandler
                0x0000000008000db0                Default_Handler
                0x0000000008000db0                DMA2_Channel7_IRQHandler
                0x0000000008000db0                EXTI15_10_IRQHandler
                0x0000000008000db0                IPCC_C1_RX_IRQHandler
                0x0000000008000db0                C2SEV_PWR_C2H_IRQHandler
                0x0000000008000db0                AES2_IRQHandler
                0x0000000008000db0                I2C3_EV_IRQHandler
                0x0000000008000db0                EXTI9_5_IRQHandler
                0x0000000008000db0                RTC_WKUP_IRQHandler
                0x0000000008000db0                PVD_PVM_IRQHandler
                0x0000000008000db0                SPI2_IRQHandler
                0x0000000008000db0                DMA2_Channel5_IRQHandler
                0x0000000008000db0                CRS_IRQHandler
                0x0000000008000db0                DMA1_Channel5_IRQHandler
                0x0000000008000db0                USB_LP_IRQHandler
                0x0000000008000db0                EXTI4_IRQHandler
                0x0000000008000db0                RNG_IRQHandler
                0x0000000008000db0                TIM1_TRG_COM_TIM17_IRQHandler
                0x0000000008000db0                TAMP_STAMP_LSECSS_IRQHandler
                0x0000000008000db0                DMA1_Channel3_IRQHandler
                0x0000000008000db0                COMP_IRQHandler
                0x0000000008000db0                HSEM_IRQHandler
                0x0000000008000db0                WWDG_IRQHandler
                0x0000000008000db0                LPUART1_IRQHandler
                0x0000000008000db0                DMA2_Channel6_IRQHandler
                0x0000000008000db0                TIM2_IRQHandler
                0x0000000008000db0                TIM1_BRK_IRQHandler
                0x0000000008000db0                EXTI1_IRQHandler
                0x0000000008000db0                DMA1_Channel2_IRQHandler
                0x0000000008000db0                FLASH_IRQHandler
                0x0000000008000db0                USART1_IRQHandler
                0x0000000008000db0                I2C1_ER_IRQHandler
                0x0000000008000db0                LPTIM1_IRQHandler
                0x0000000008000db0                SAI1_IRQHandler
                0x0000000008000db0                DMA2_Channel3_IRQHandler
 *fill*         0x0000000008000db2        0x2 
 .text.HAL_Init
                0x0000000008000db4       0x40 ./Drivers/STM32WBxx_HAL_Driver/Src/stm32wbxx_hal.o
                0x0000000008000db4                HAL_Init
 .text.HAL_InitTick
                0x0000000008000df4       0x74 ./Drivers/STM32WBxx_HAL_Driver/Src/stm32wbxx_hal.o
                0x0000000008000df4                HAL_InitTick
 .text.HAL_IncTick
                0x0000000008000e68       0x28 ./Drivers/STM32WBxx_HAL_Driver/Src/stm32wbxx_hal.o
                0x0000000008000e68                HAL_IncTick
 .text.HAL_GetTick
                0x0000000008000e90       0x18 ./Drivers/STM32WBxx_HAL_Driver/Src/stm32wbxx_hal.o
                0x0000000008000e90                HAL_GetTick
 .text.HAL_GetTickPrio
                0x0000000008000ea8       0x18 ./Drivers/STM32WBxx_HAL_Driver/Src/stm32wbxx_hal.o
                0x0000000008000ea8                HAL_GetTickPrio
 .text.__NVIC_SetPriorityGrouping
                0x0000000008000ec0       0x48 ./Drivers/STM32WBxx_HAL_Driver/Src/stm32wbxx_hal_cortex.o
 .text.__NVIC_GetPriorityGrouping
                0x0000000008000f08       0x1c ./Drivers/STM32WBxx_HAL_Driver/Src/stm32wbxx_hal_cortex.o
 .text.__NVIC_SetPriority
                0x0000000008000f24       0x54 ./Drivers/STM32WBxx_HAL_Driver/Src/stm32wbxx_hal_cortex.o
 .text.NVIC_EncodePriority
                0x0000000008000f78       0x66 ./Drivers/STM32WBxx_HAL_Driver/Src/stm32wbxx_hal_cortex.o
 *fill*         0x0000000008000fde        0x2 
 .text.SysTick_Config
                0x0000000008000fe0       0x44 ./Drivers/STM32WBxx_HAL_Driver/Src/stm32wbxx_hal_cortex.o
 .text.HAL_NVIC_SetPriorityGrouping
                0x0000000008001024       0x16 ./Drivers/STM32WBxx_HAL_Driver/Src/stm32wbxx_hal_cortex.o
                0x0000000008001024                HAL_NVIC_SetPriorityGrouping
 .text.HAL_NVIC_SetPriority
                0x000000000800103a       0x34 ./Drivers/STM32WBxx_HAL_Driver/Src/stm32wbxx_hal_cortex.o
                0x000000000800103a                HAL_NVIC_SetPriority
 .text.HAL_SYSTICK_Config
                0x000000000800106e       0x18 ./Drivers/STM32WBxx_HAL_Driver/Src/stm32wbxx_hal_cortex.o
                0x000000000800106e                HAL_SYSTICK_Config
 *fill*         0x0000000008001086        0x2 
 .text.HAL_GPIO_Init
                0x0000000008001088      0x2e0 ./Drivers/STM32WBxx_HAL_Driver/Src/stm32wbxx_hal_gpio.o
                0x0000000008001088                HAL_GPIO_Init
 .text.HAL_I2C_Init
                0x0000000008001368      0x11e ./Drivers/STM32WBxx_HAL_Driver/Src/stm32wbxx_hal_i2c.o
                0x0000000008001368                HAL_I2C_Init
 *fill*         0x0000000008001486        0x2 
 .text.HAL_I2C_Master_Transmit
                0x0000000008001488      0x1e8 ./Drivers/STM32WBxx_HAL_Driver/Src/stm32wbxx_hal_i2c.o
                0x0000000008001488                HAL_I2C_Master_Transmit
 .text.HAL_I2C_Master_Receive
                0x0000000008001670      0x1ec ./Drivers/STM32WBxx_HAL_Driver/Src/stm32wbxx_hal_i2c.o
                0x0000000008001670                HAL_I2C_Master_Receive
 .text.I2C_Flush_TXDR
                0x000000000800185c       0x48 ./Drivers/STM32WBxx_HAL_Driver/Src/stm32wbxx_hal_i2c.o
 .text.I2C_WaitOnFlagUntilTimeout
                0x00000000080018a4       0x9e ./Drivers/STM32WBxx_HAL_Driver/Src/stm32wbxx_hal_i2c.o
 .text.I2C_WaitOnTXISFlagUntilTimeout
                0x0000000008001942       0x8e ./Drivers/STM32WBxx_HAL_Driver/Src/stm32wbxx_hal_i2c.o
 .text.I2C_WaitOnSTOPFlagUntilTimeout
                0x00000000080019d0       0x86 ./Drivers/STM32WBxx_HAL_Driver/Src/stm32wbxx_hal_i2c.o
 *fill*         0x0000000008001a56        0x2 
 .text.I2C_WaitOnRXNEFlagUntilTimeout
                0x0000000008001a58      0x104 ./Drivers/STM32WBxx_HAL_Driver/Src/stm32wbxx_hal_i2c.o
 .text.I2C_IsErrorOccurred
                0x0000000008001b5c      0x1c0 ./Drivers/STM32WBxx_HAL_Driver/Src/stm32wbxx_hal_i2c.o
 .text.I2C_TransferConfig
                0x0000000008001d1c       0x64 ./Drivers/STM32WBxx_HAL_Driver/Src/stm32wbxx_hal_i2c.o
 .text.HAL_I2CEx_ConfigAnalogFilter
                0x0000000008001d80       0x96 ./Drivers/STM32WBxx_HAL_Driver/Src/stm32wbxx_hal_i2c_ex.o
                0x0000000008001d80                HAL_I2CEx_ConfigAnalogFilter
 .text.HAL_I2CEx_ConfigDigitalFilter
                0x0000000008001e16       0x98 ./Drivers/STM32WBxx_HAL_Driver/Src/stm32wbxx_hal_i2c_ex.o
                0x0000000008001e16                HAL_I2CEx_ConfigDigitalFilter
 *fill*         0x0000000008001eae        0x2 
 .text.HAL_PWR_EnableBkUpAccess
                0x0000000008001eb0       0x20 ./Drivers/STM32WBxx_HAL_Driver/Src/stm32wbxx_hal_pwr.o
                0x0000000008001eb0                HAL_PWR_EnableBkUpAccess
 .text.HAL_PWREx_GetVoltageRange
                0x0000000008001ed0       0x1c ./Drivers/STM32WBxx_HAL_Driver/Src/stm32wbxx_hal_pwr_ex.o
                0x0000000008001ed0                HAL_PWREx_GetVoltageRange
 .text.LL_RCC_HSE_IsEnabledDiv2
                0x0000000008001eec       0x24 ./Drivers/STM32WBxx_HAL_Driver/Src/stm32wbxx_hal_rcc.o
 .text.LL_RCC_HSE_Enable
                0x0000000008001f10       0x1e ./Drivers/STM32WBxx_HAL_Driver/Src/stm32wbxx_hal_rcc.o
 .text.LL_RCC_HSE_Disable
                0x0000000008001f2e       0x1e ./Drivers/STM32WBxx_HAL_Driver/Src/stm32wbxx_hal_rcc.o
 .text.LL_RCC_HSE_IsReady
                0x0000000008001f4c       0x24 ./Drivers/STM32WBxx_HAL_Driver/Src/stm32wbxx_hal_rcc.o
 .text.LL_RCC_HSI_Enable
                0x0000000008001f70       0x1e ./Drivers/STM32WBxx_HAL_Driver/Src/stm32wbxx_hal_rcc.o
 .text.LL_RCC_HSI_Disable
                0x0000000008001f8e       0x1e ./Drivers/STM32WBxx_HAL_Driver/Src/stm32wbxx_hal_rcc.o
 .text.LL_RCC_HSI_IsReady
                0x0000000008001fac       0x24 ./Drivers/STM32WBxx_HAL_Driver/Src/stm32wbxx_hal_rcc.o
 .text.LL_RCC_HSI_SetCalibTrimming
                0x0000000008001fd0       0x2a ./Drivers/STM32WBxx_HAL_Driver/Src/stm32wbxx_hal_rcc.o
 .text.LL_RCC_HSI48_Enable
                0x0000000008001ffa       0x22 ./Drivers/STM32WBxx_HAL_Driver/Src/stm32wbxx_hal_rcc.o
 .text.LL_RCC_HSI48_Disable
                0x000000000800201c       0x22 ./Drivers/STM32WBxx_HAL_Driver/Src/stm32wbxx_hal_rcc.o
 .text.LL_RCC_HSI48_IsReady
                0x000000000800203e       0x24 ./Drivers/STM32WBxx_HAL_Driver/Src/stm32wbxx_hal_rcc.o
 .text.LL_RCC_LSE_Enable
                0x0000000008002062       0x22 ./Drivers/STM32WBxx_HAL_Driver/Src/stm32wbxx_hal_rcc.o
 .text.LL_RCC_LSE_Disable
                0x0000000008002084       0x22 ./Drivers/STM32WBxx_HAL_Driver/Src/stm32wbxx_hal_rcc.o
 .text.LL_RCC_LSE_EnableBypass
                0x00000000080020a6       0x22 ./Drivers/STM32WBxx_HAL_Driver/Src/stm32wbxx_hal_rcc.o
 .text.LL_RCC_LSE_DisableBypass
                0x00000000080020c8       0x22 ./Drivers/STM32WBxx_HAL_Driver/Src/stm32wbxx_hal_rcc.o
 .text.LL_RCC_LSE_IsReady
                0x00000000080020ea       0x24 ./Drivers/STM32WBxx_HAL_Driver/Src/stm32wbxx_hal_rcc.o
 .text.LL_RCC_LSI1_Enable
                0x000000000800210e       0x22 ./Drivers/STM32WBxx_HAL_Driver/Src/stm32wbxx_hal_rcc.o
 .text.LL_RCC_LSI1_Disable
                0x0000000008002130       0x22 ./Drivers/STM32WBxx_HAL_Driver/Src/stm32wbxx_hal_rcc.o
 .text.LL_RCC_LSI1_IsReady
                0x0000000008002152       0x24 ./Drivers/STM32WBxx_HAL_Driver/Src/stm32wbxx_hal_rcc.o
 .text.LL_RCC_LSI2_Enable
                0x0000000008002176       0x22 ./Drivers/STM32WBxx_HAL_Driver/Src/stm32wbxx_hal_rcc.o
 .text.LL_RCC_LSI2_Disable
                0x0000000008002198       0x22 ./Drivers/STM32WBxx_HAL_Driver/Src/stm32wbxx_hal_rcc.o
 .text.LL_RCC_LSI2_IsReady
                0x00000000080021ba       0x24 ./Drivers/STM32WBxx_HAL_Driver/Src/stm32wbxx_hal_rcc.o
 .text.LL_RCC_LSI2_SetTrimming
                0x00000000080021de       0x2e ./Drivers/STM32WBxx_HAL_Driver/Src/stm32wbxx_hal_rcc.o
 .text.LL_RCC_MSI_Enable
                0x000000000800220c       0x1e ./Drivers/STM32WBxx_HAL_Driver/Src/stm32wbxx_hal_rcc.o
 .text.LL_RCC_MSI_Disable
                0x000000000800222a       0x1e ./Drivers/STM32WBxx_HAL_Driver/Src/stm32wbxx_hal_rcc.o
 .text.LL_RCC_MSI_IsReady
                0x0000000008002248       0x22 ./Drivers/STM32WBxx_HAL_Driver/Src/stm32wbxx_hal_rcc.o
 .text.LL_RCC_MSI_SetRange
                0x000000000800226a       0x28 ./Drivers/STM32WBxx_HAL_Driver/Src/stm32wbxx_hal_rcc.o
 .text.LL_RCC_MSI_GetRange
                0x0000000008002292       0x2a ./Drivers/STM32WBxx_HAL_Driver/Src/stm32wbxx_hal_rcc.o
 .text.LL_RCC_MSI_SetCalibTrimming
                0x00000000080022bc       0x2a ./Drivers/STM32WBxx_HAL_Driver/Src/stm32wbxx_hal_rcc.o
 .text.LL_RCC_SetSysClkSource
                0x00000000080022e6       0x28 ./Drivers/STM32WBxx_HAL_Driver/Src/stm32wbxx_hal_rcc.o
 .text.LL_RCC_GetSysClkSource
                0x000000000800230e       0x18 ./Drivers/STM32WBxx_HAL_Driver/Src/stm32wbxx_hal_rcc.o
 .text.LL_RCC_SetAHBPrescaler
                0x0000000008002326       0x28 ./Drivers/STM32WBxx_HAL_Driver/Src/stm32wbxx_hal_rcc.o
 .text.LL_C2_RCC_SetAHBPrescaler
                0x000000000800234e       0x2c ./Drivers/STM32WBxx_HAL_Driver/Src/stm32wbxx_hal_rcc.o
 .text.LL_RCC_SetAHB4Prescaler
                0x000000000800237a       0x2e ./Drivers/STM32WBxx_HAL_Driver/Src/stm32wbxx_hal_rcc.o
 .text.LL_RCC_SetAPB1Prescaler
                0x00000000080023a8       0x28 ./Drivers/STM32WBxx_HAL_Driver/Src/stm32wbxx_hal_rcc.o
 .text.LL_RCC_SetAPB2Prescaler
                0x00000000080023d0       0x28 ./Drivers/STM32WBxx_HAL_Driver/Src/stm32wbxx_hal_rcc.o
 .text.LL_RCC_GetAHBPrescaler
                0x00000000080023f8       0x18 ./Drivers/STM32WBxx_HAL_Driver/Src/stm32wbxx_hal_rcc.o
 .text.LL_RCC_GetAHB4Prescaler
                0x0000000008002410       0x1c ./Drivers/STM32WBxx_HAL_Driver/Src/stm32wbxx_hal_rcc.o
 .text.LL_RCC_PLL_Enable
                0x000000000800242c       0x1e ./Drivers/STM32WBxx_HAL_Driver/Src/stm32wbxx_hal_rcc.o
 .text.LL_RCC_PLL_Disable
                0x000000000800244a       0x1e ./Drivers/STM32WBxx_HAL_Driver/Src/stm32wbxx_hal_rcc.o
 .text.LL_RCC_PLL_IsReady
                0x0000000008002468       0x24 ./Drivers/STM32WBxx_HAL_Driver/Src/stm32wbxx_hal_rcc.o
 .text.LL_RCC_PLL_GetN
                0x000000000800248c       0x1a ./Drivers/STM32WBxx_HAL_Driver/Src/stm32wbxx_hal_rcc.o
 .text.LL_RCC_PLL_GetR
                0x00000000080024a6       0x18 ./Drivers/STM32WBxx_HAL_Driver/Src/stm32wbxx_hal_rcc.o
 .text.LL_RCC_PLL_GetDivider
                0x00000000080024be       0x18 ./Drivers/STM32WBxx_HAL_Driver/Src/stm32wbxx_hal_rcc.o
 .text.LL_RCC_PLL_GetMainSource
                0x00000000080024d6       0x18 ./Drivers/STM32WBxx_HAL_Driver/Src/stm32wbxx_hal_rcc.o
 .text.LL_RCC_IsActiveFlag_HPRE
                0x00000000080024ee       0x24 ./Drivers/STM32WBxx_HAL_Driver/Src/stm32wbxx_hal_rcc.o
 .text.LL_RCC_IsActiveFlag_C2HPRE
                0x0000000008002512       0x26 ./Drivers/STM32WBxx_HAL_Driver/Src/stm32wbxx_hal_rcc.o
 .text.LL_RCC_IsActiveFlag_SHDHPRE
                0x0000000008002538       0x26 ./Drivers/STM32WBxx_HAL_Driver/Src/stm32wbxx_hal_rcc.o
 .text.LL_RCC_IsActiveFlag_PPRE1
                0x000000000800255e       0x24 ./Drivers/STM32WBxx_HAL_Driver/Src/stm32wbxx_hal_rcc.o
 .text.LL_RCC_IsActiveFlag_PPRE2
                0x0000000008002582       0x24 ./Drivers/STM32WBxx_HAL_Driver/Src/stm32wbxx_hal_rcc.o
 *fill*         0x00000000080025a6        0x2 
 .text.HAL_RCC_OscConfig
                0x00000000080025a8      0x6e8 ./Drivers/STM32WBxx_HAL_Driver/Src/stm32wbxx_hal_rcc.o
                0x00000000080025a8                HAL_RCC_OscConfig
 .text.HAL_RCC_ClockConfig
                0x0000000008002c90      0x280 ./Drivers/STM32WBxx_HAL_Driver/Src/stm32wbxx_hal_rcc.o
                0x0000000008002c90                HAL_RCC_ClockConfig
 .text.HAL_RCC_GetSysClockFreq
                0x0000000008002f10       0xdc ./Drivers/STM32WBxx_HAL_Driver/Src/stm32wbxx_hal_rcc.o
                0x0000000008002f10                HAL_RCC_GetSysClockFreq
 .text.HAL_RCC_GetHCLKFreq
                0x0000000008002fec       0x28 ./Drivers/STM32WBxx_HAL_Driver/Src/stm32wbxx_hal_rcc.o
                0x0000000008002fec                HAL_RCC_GetHCLKFreq
 .text.RCC_SetFlashLatencyFromMSIRange
                0x0000000008003014       0x70 ./Drivers/STM32WBxx_HAL_Driver/Src/stm32wbxx_hal_rcc.o
 .text.RCC_SetFlashLatency
                0x0000000008003084       0xf8 ./Drivers/STM32WBxx_HAL_Driver/Src/stm32wbxx_hal_rcc.o
 .text.LL_RCC_LSE_IsEnabled
                0x000000000800317c       0x24 ./Drivers/STM32WBxx_HAL_Driver/Src/stm32wbxx_hal_rcc_ex.o
 .text.LL_RCC_LSE_IsReady
                0x00000000080031a0       0x24 ./Drivers/STM32WBxx_HAL_Driver/Src/stm32wbxx_hal_rcc_ex.o
 .text.LL_RCC_SetRFWKPClockSource
                0x00000000080031c4       0x2c ./Drivers/STM32WBxx_HAL_Driver/Src/stm32wbxx_hal_rcc_ex.o
 .text.LL_RCC_SetSMPSClockSource
                0x00000000080031f0       0x28 ./Drivers/STM32WBxx_HAL_Driver/Src/stm32wbxx_hal_rcc_ex.o
 .text.LL_RCC_SetSMPSPrescaler
                0x0000000008003218       0x28 ./Drivers/STM32WBxx_HAL_Driver/Src/stm32wbxx_hal_rcc_ex.o
 .text.LL_RCC_SetUSARTClockSource
                0x0000000008003240       0x2c ./Drivers/STM32WBxx_HAL_Driver/Src/stm32wbxx_hal_rcc_ex.o
 .text.LL_RCC_SetLPUARTClockSource
                0x000000000800326c       0x2c ./Drivers/STM32WBxx_HAL_Driver/Src/stm32wbxx_hal_rcc_ex.o
 .text.LL_RCC_SetI2CClockSource
                0x0000000008003298       0x3a ./Drivers/STM32WBxx_HAL_Driver/Src/stm32wbxx_hal_rcc_ex.o
 .text.LL_RCC_SetLPTIMClockSource
                0x00000000080032d2       0x34 ./Drivers/STM32WBxx_HAL_Driver/Src/stm32wbxx_hal_rcc_ex.o
 .text.LL_RCC_SetSAIClockSource
                0x0000000008003306       0x2c ./Drivers/STM32WBxx_HAL_Driver/Src/stm32wbxx_hal_rcc_ex.o
 .text.LL_RCC_SetRNGClockSource
                0x0000000008003332       0x2c ./Drivers/STM32WBxx_HAL_Driver/Src/stm32wbxx_hal_rcc_ex.o
 .text.LL_RCC_SetCLK48ClockSource
                0x000000000800335e       0x2c ./Drivers/STM32WBxx_HAL_Driver/Src/stm32wbxx_hal_rcc_ex.o
 .text.LL_RCC_SetUSBClockSource
                0x000000000800338a       0x16 ./Drivers/STM32WBxx_HAL_Driver/Src/stm32wbxx_hal_rcc_ex.o
 .text.LL_RCC_SetADCClockSource
                0x00000000080033a0       0x2c ./Drivers/STM32WBxx_HAL_Driver/Src/stm32wbxx_hal_rcc_ex.o
 .text.LL_RCC_SetRTCClockSource
                0x00000000080033cc       0x2c ./Drivers/STM32WBxx_HAL_Driver/Src/stm32wbxx_hal_rcc_ex.o
 .text.LL_RCC_GetRTCClockSource
                0x00000000080033f8       0x1a ./Drivers/STM32WBxx_HAL_Driver/Src/stm32wbxx_hal_rcc_ex.o
 .text.LL_RCC_ForceBackupDomainReset
                0x0000000008003412       0x22 ./Drivers/STM32WBxx_HAL_Driver/Src/stm32wbxx_hal_rcc_ex.o
 .text.LL_RCC_ReleaseBackupDomainReset
                0x0000000008003434       0x22 ./Drivers/STM32WBxx_HAL_Driver/Src/stm32wbxx_hal_rcc_ex.o
 .text.LL_RCC_PLLSAI1_Enable
                0x0000000008003456       0x1e ./Drivers/STM32WBxx_HAL_Driver/Src/stm32wbxx_hal_rcc_ex.o
 .text.LL_RCC_PLLSAI1_Disable
                0x0000000008003474       0x1e ./Drivers/STM32WBxx_HAL_Driver/Src/stm32wbxx_hal_rcc_ex.o
 .text.LL_RCC_PLLSAI1_IsReady
                0x0000000008003492       0x24 ./Drivers/STM32WBxx_HAL_Driver/Src/stm32wbxx_hal_rcc_ex.o
 .text.HAL_RCCEx_PeriphCLKConfig
                0x00000000080034b6      0x2ec ./Drivers/STM32WBxx_HAL_Driver/Src/stm32wbxx_hal_rcc_ex.o
                0x00000000080034b6                HAL_RCCEx_PeriphCLKConfig
 .text.RCCEx_PLLSAI1_ConfigNP
                0x00000000080037a2       0xb6 ./Drivers/STM32WBxx_HAL_Driver/Src/stm32wbxx_hal_rcc_ex.o
 .text.RCCEx_PLLSAI1_ConfigNQ
                0x0000000008003858       0xb6 ./Drivers/STM32WBxx_HAL_Driver/Src/stm32wbxx_hal_rcc_ex.o
 .text.RCCEx_PLLSAI1_ConfigNR
                0x000000000800390e       0xb6 ./Drivers/STM32WBxx_HAL_Driver/Src/stm32wbxx_hal_rcc_ex.o
 .text.__libc_init_array
                0x00000000080039c4       0x48 c:/users/owenc/.eclipse/com.st.stm32cube.ide.mcu.rcp.product_1.11.2_353793806_win32_win32_x86_64/plugins/com.st.stm32cube.ide.mcu.externaltools.gnu-tools-for-stm32.10.3-2021.10.win32_1.0.200.202301161003/tools/bin/../lib/gcc/arm-none-eabi/10.3.1/../../../../arm-none-eabi/lib/thumb/v7e-m+fp/hard\libc_nano.a(lib_a-init.o)
                0x00000000080039c4                __libc_init_array
 .text.memset   0x0000000008003a0c       0x10 c:/users/owenc/.eclipse/com.st.stm32cube.ide.mcu.rcp.product_1.11.2_353793806_win32_win32_x86_64/plugins/com.st.stm32cube.ide.mcu.externaltools.gnu-tools-for-stm32.10.3-2021.10.win32_1.0.200.202301161003/tools/bin/../lib/gcc/arm-none-eabi/10.3.1/../../../../arm-none-eabi/lib/thumb/v7e-m+fp/hard\libc_nano.a(lib_a-memset.o)
                0x0000000008003a0c                memset
 *(.glue_7)
 .glue_7        0x0000000008003a1c        0x0 linker stubs
 *(.glue_7t)
 .glue_7t       0x0000000008003a1c        0x0 linker stubs
 *(.eh_frame)
 .eh_frame      0x0000000008003a1c        0x0 c:/users/owenc/.eclipse/com.st.stm32cube.ide.mcu.rcp.product_1.11.2_353793806_win32_win32_x86_64/plugins/com.st.stm32cube.ide.mcu.externaltools.gnu-tools-for-stm32.10.3-2021.10.win32_1.0.200.202301161003/tools/bin/../lib/gcc/arm-none-eabi/10.3.1/thumb/v7e-m+fp/hard/crtbegin.o
 *(.init)
 .init          0x0000000008003a1c        0x4 c:/users/owenc/.eclipse/com.st.stm32cube.ide.mcu.rcp.product_1.11.2_353793806_win32_win32_x86_64/plugins/com.st.stm32cube.ide.mcu.externaltools.gnu-tools-for-stm32.10.3-2021.10.win32_1.0.200.202301161003/tools/bin/../lib/gcc/arm-none-eabi/10.3.1/thumb/v7e-m+fp/hard/crti.o
                0x0000000008003a1c                _init
 .init          0x0000000008003a20        0x8 c:/users/owenc/.eclipse/com.st.stm32cube.ide.mcu.rcp.product_1.11.2_353793806_win32_win32_x86_64/plugins/com.st.stm32cube.ide.mcu.externaltools.gnu-tools-for-stm32.10.3-2021.10.win32_1.0.200.202301161003/tools/bin/../lib/gcc/arm-none-eabi/10.3.1/thumb/v7e-m+fp/hard/crtn.o
 *(.fini)
 .fini          0x0000000008003a28        0x4 c:/users/owenc/.eclipse/com.st.stm32cube.ide.mcu.rcp.product_1.11.2_353793806_win32_win32_x86_64/plugins/com.st.stm32cube.ide.mcu.externaltools.gnu-tools-for-stm32.10.3-2021.10.win32_1.0.200.202301161003/tools/bin/../lib/gcc/arm-none-eabi/10.3.1/thumb/v7e-m+fp/hard/crti.o
                0x0000000008003a28                _fini
 .fini          0x0000000008003a2c        0x8 c:/users/owenc/.eclipse/com.st.stm32cube.ide.mcu.rcp.product_1.11.2_353793806_win32_win32_x86_64/plugins/com.st.stm32cube.ide.mcu.externaltools.gnu-tools-for-stm32.10.3-2021.10.win32_1.0.200.202301161003/tools/bin/../lib/gcc/arm-none-eabi/10.3.1/thumb/v7e-m+fp/hard/crtn.o
                0x0000000008003a34                . = ALIGN (0x4)
                0x0000000008003a34                _etext = .

.vfp11_veneer   0x0000000008003a34        0x0
 .vfp11_veneer  0x0000000008003a34        0x0 linker stubs

.v4_bx          0x0000000008003a34        0x0
 .v4_bx         0x0000000008003a34        0x0 linker stubs

.iplt           0x0000000008003a34        0x0
 .iplt          0x0000000008003a34        0x0 c:/users/owenc/.eclipse/com.st.stm32cube.ide.mcu.rcp.product_1.11.2_353793806_win32_win32_x86_64/plugins/com.st.stm32cube.ide.mcu.externaltools.gnu-tools-for-stm32.10.3-2021.10.win32_1.0.200.202301161003/tools/bin/../lib/gcc/arm-none-eabi/10.3.1/thumb/v7e-m+fp/hard/crtbegin.o

.rodata         0x0000000008003a34       0xac
                0x0000000008003a34                . = ALIGN (0x4)
 *(.rodata)
 .rodata        0x0000000008003a34       0x2c ./Drivers/STM32WBxx_HAL_Driver/Src/stm32wbxx_hal_rcc.o
 *(.rodata*)
 .rodata.AHBPrescTable
                0x0000000008003a60       0x40 ./Core/Src/system_stm32wbxx.o
                0x0000000008003a60                AHBPrescTable
 .rodata.MSIRangeTable
                0x0000000008003aa0       0x40 ./Core/Src/system_stm32wbxx.o
                0x0000000008003aa0                MSIRangeTable
                0x0000000008003ae0                . = ALIGN (0x4)

.rel.dyn        0x0000000008003ae0        0x0
 .rel.iplt      0x0000000008003ae0        0x0 c:/users/owenc/.eclipse/com.st.stm32cube.ide.mcu.rcp.product_1.11.2_353793806_win32_win32_x86_64/plugins/com.st.stm32cube.ide.mcu.externaltools.gnu-tools-for-stm32.10.3-2021.10.win32_1.0.200.202301161003/tools/bin/../lib/gcc/arm-none-eabi/10.3.1/thumb/v7e-m+fp/hard/crtbegin.o

.ARM.extab
 *(.ARM.extab* .gnu.linkonce.armextab.*)

.ARM            0x0000000008003ae0        0x0
                0x0000000008003ae0                __exidx_start = .
 *(.ARM.exidx*)
                0x0000000008003ae0                __exidx_end = .

.preinit_array  0x0000000008003ae0        0x0
                0x0000000008003ae0                PROVIDE (__preinit_array_start = .)
 *(.preinit_array*)
                0x0000000008003ae0                PROVIDE (__preinit_array_end = .)

.init_array     0x0000000008003ae0        0x4
                0x0000000008003ae0                PROVIDE (__init_array_start = .)
 *(SORT_BY_NAME(.init_array.*))
 *(.init_array*)
 .init_array    0x0000000008003ae0        0x4 c:/users/owenc/.eclipse/com.st.stm32cube.ide.mcu.rcp.product_1.11.2_353793806_win32_win32_x86_64/plugins/com.st.stm32cube.ide.mcu.externaltools.gnu-tools-for-stm32.10.3-2021.10.win32_1.0.200.202301161003/tools/bin/../lib/gcc/arm-none-eabi/10.3.1/thumb/v7e-m+fp/hard/crtbegin.o
                0x0000000008003ae4                PROVIDE (__init_array_end = .)

.fini_array     0x0000000008003ae4        0x4
                [!provide]                        PROVIDE (__fini_array_start = .)
 *(SORT_BY_NAME(.fini_array.*))
 *(.fini_array*)
 .fini_array    0x0000000008003ae4        0x4 c:/users/owenc/.eclipse/com.st.stm32cube.ide.mcu.rcp.product_1.11.2_353793806_win32_win32_x86_64/plugins/com.st.stm32cube.ide.mcu.externaltools.gnu-tools-for-stm32.10.3-2021.10.win32_1.0.200.202301161003/tools/bin/../lib/gcc/arm-none-eabi/10.3.1/thumb/v7e-m+fp/hard/crtbegin.o
                [!provide]                        PROVIDE (__fini_array_end = .)
                0x0000000008003ae8                _sidata = LOADADDR (.data)

.data           0x0000000020000008        0xc load address 0x0000000008003ae8
                0x0000000020000008                . = ALIGN (0x4)
                0x0000000020000008                _sdata = .
 *(.data)
 *(.data*)
 .data.SystemCoreClock
                0x0000000020000008        0x4 ./Core/Src/system_stm32wbxx.o
                0x0000000020000008                SystemCoreClock
 .data.uwTickPrio
                0x000000002000000c        0x4 ./Drivers/STM32WBxx_HAL_Driver/Src/stm32wbxx_hal.o
                0x000000002000000c                uwTickPrio
 .data.uwTickFreq
                0x0000000020000010        0x1 ./Drivers/STM32WBxx_HAL_Driver/Src/stm32wbxx_hal.o
                0x0000000020000010                uwTickFreq
 *(.RamFunc)
 *(.RamFunc*)
                0x0000000020000014                . = ALIGN (0x4)
 *fill*         0x0000000020000011        0x3 
                0x0000000020000014                _edata = .

.igot.plt       0x0000000020000014        0x0 load address 0x0000000008003af4
 .igot.plt      0x0000000020000014        0x0 c:/users/owenc/.eclipse/com.st.stm32cube.ide.mcu.rcp.product_1.11.2_353793806_win32_win32_x86_64/plugins/com.st.stm32cube.ide.mcu.externaltools.gnu-tools-for-stm32.10.3-2021.10.win32_1.0.200.202301161003/tools/bin/../lib/gcc/arm-none-eabi/10.3.1/thumb/v7e-m+fp/hard/crtbegin.o
                0x0000000020000014                . = ALIGN (0x4)

.bss            0x0000000020000014       0x7c load address 0x0000000008003af4
                0x0000000020000014                _sbss = .
                0x0000000020000014                __bss_start__ = _sbss
 *(.bss)
 .bss           0x0000000020000014       0x1c c:/users/owenc/.eclipse/com.st.stm32cube.ide.mcu.rcp.product_1.11.2_353793806_win32_win32_x86_64/plugins/com.st.stm32cube.ide.mcu.externaltools.gnu-tools-for-stm32.10.3-2021.10.win32_1.0.200.202301161003/tools/bin/../lib/gcc/arm-none-eabi/10.3.1/thumb/v7e-m+fp/hard/crtbegin.o
 *(.bss*)
 .bss.hi2c3     0x0000000020000030       0x54 ./Core/Src/main.o
                0x0000000020000030                hi2c3
 .bss.soc       0x0000000020000084        0x4 ./Core/Src/main.o
                0x0000000020000084                soc
 .bss.volts     0x0000000020000088        0x4 ./Core/Src/main.o
                0x0000000020000088                volts
 .bss.uwTick    0x000000002000008c        0x4 ./Drivers/STM32WBxx_HAL_Driver/Src/stm32wbxx_hal.o
                0x000000002000008c                uwTick
 *(COMMON)
                0x0000000020000090                . = ALIGN (0x4)
                0x0000000020000090                _ebss = .
                0x0000000020000090                __bss_end__ = _ebss

._user_heap_stack
                0x0000000020000090      0x600 load address 0x0000000008003af4
                0x0000000020000090                . = ALIGN (0x8)
                [!provide]                        PROVIDE (end = .)
                0x0000000020000090                PROVIDE (_end = .)
                0x0000000020000290                . = (. + _Min_Heap_Size)
 *fill*         0x0000000020000090      0x200 
                0x0000000020000690                . = (. + _Min_Stack_Size)
 *fill*         0x0000000020000290      0x400 
                0x0000000020000690                . = ALIGN (0x8)

/DISCARD/
 libc.a(*)
 libm.a(*)
 libgcc.a(*)

.ARM.attributes
                0x0000000000000000       0x30
 *(.ARM.attributes)
 .ARM.attributes
                0x0000000000000000       0x1e c:/users/owenc/.eclipse/com.st.stm32cube.ide.mcu.rcp.product_1.11.2_353793806_win32_win32_x86_64/plugins/com.st.stm32cube.ide.mcu.externaltools.gnu-tools-for-stm32.10.3-2021.10.win32_1.0.200.202301161003/tools/bin/../lib/gcc/arm-none-eabi/10.3.1/thumb/v7e-m+fp/hard/crti.o
 .ARM.attributes
                0x000000000000001e       0x34 c:/users/owenc/.eclipse/com.st.stm32cube.ide.mcu.rcp.product_1.11.2_353793806_win32_win32_x86_64/plugins/com.st.stm32cube.ide.mcu.externaltools.gnu-tools-for-stm32.10.3-2021.10.win32_1.0.200.202301161003/tools/bin/../lib/gcc/arm-none-eabi/10.3.1/thumb/v7e-m+fp/hard/crtbegin.o
 .ARM.attributes
                0x0000000000000052       0x34 ./Core/Src/MAX17043.o
 .ARM.attributes
                0x0000000000000086       0x34 ./Core/Src/main.o
 .ARM.attributes
                0x00000000000000ba       0x34 ./Core/Src/stm32wbxx_hal_msp.o
 .ARM.attributes
                0x00000000000000ee       0x34 ./Core/Src/stm32wbxx_it.o
 .ARM.attributes
                0x0000000000000122       0x34 ./Core/Src/system_stm32wbxx.o
 .ARM.attributes
                0x0000000000000156       0x21 ./Core/Startup/startup_stm32wb55rgvx.o
 .ARM.attributes
                0x0000000000000177       0x34 ./Drivers/STM32WBxx_HAL_Driver/Src/stm32wbxx_hal.o
 .ARM.attributes
                0x00000000000001ab       0x34 ./Drivers/STM32WBxx_HAL_Driver/Src/stm32wbxx_hal_cortex.o
 .ARM.attributes
                0x00000000000001df       0x34 ./Drivers/STM32WBxx_HAL_Driver/Src/stm32wbxx_hal_gpio.o
 .ARM.attributes
                0x0000000000000213       0x34 ./Drivers/STM32WBxx_HAL_Driver/Src/stm32wbxx_hal_i2c.o
 .ARM.attributes
                0x0000000000000247       0x34 ./Drivers/STM32WBxx_HAL_Driver/Src/stm32wbxx_hal_i2c_ex.o
 .ARM.attributes
                0x000000000000027b       0x34 ./Drivers/STM32WBxx_HAL_Driver/Src/stm32wbxx_hal_pwr.o
 .ARM.attributes
                0x00000000000002af       0x34 ./Drivers/STM32WBxx_HAL_Driver/Src/stm32wbxx_hal_pwr_ex.o
 .ARM.attributes
                0x00000000000002e3       0x34 ./Drivers/STM32WBxx_HAL_Driver/Src/stm32wbxx_hal_rcc.o
 .ARM.attributes
                0x0000000000000317       0x34 ./Drivers/STM32WBxx_HAL_Driver/Src/stm32wbxx_hal_rcc_ex.o
 .ARM.attributes
                0x000000000000034b       0x34 c:/users/owenc/.eclipse/com.st.stm32cube.ide.mcu.rcp.product_1.11.2_353793806_win32_win32_x86_64/plugins/com.st.stm32cube.ide.mcu.externaltools.gnu-tools-for-stm32.10.3-2021.10.win32_1.0.200.202301161003/tools/bin/../lib/gcc/arm-none-eabi/10.3.1/../../../../arm-none-eabi/lib/thumb/v7e-m+fp/hard\libc_nano.a(lib_a-init.o)
 .ARM.attributes
                0x000000000000037f       0x34 c:/users/owenc/.eclipse/com.st.stm32cube.ide.mcu.rcp.product_1.11.2_353793806_win32_win32_x86_64/plugins/com.st.stm32cube.ide.mcu.externaltools.gnu-tools-for-stm32.10.3-2021.10.win32_1.0.200.202301161003/tools/bin/../lib/gcc/arm-none-eabi/10.3.1/../../../../arm-none-eabi/lib/thumb/v7e-m+fp/hard\libc_nano.a(lib_a-memset.o)
 .ARM.attributes
                0x00000000000003b3       0x1e c:/users/owenc/.eclipse/com.st.stm32cube.ide.mcu.rcp.product_1.11.2_353793806_win32_win32_x86_64/plugins/com.st.stm32cube.ide.mcu.externaltools.gnu-tools-for-stm32.10.3-2021.10.win32_1.0.200.202301161003/tools/bin/../lib/gcc/arm-none-eabi/10.3.1/thumb/v7e-m+fp/hard\libgcc.a(_arm_muldf3.o)
 .ARM.attributes
                0x00000000000003d1       0x1e c:/users/owenc/.eclipse/com.st.stm32cube.ide.mcu.rcp.product_1.11.2_353793806_win32_win32_x86_64/plugins/com.st.stm32cube.ide.mcu.externaltools.gnu-tools-for-stm32.10.3-2021.10.win32_1.0.200.202301161003/tools/bin/../lib/gcc/arm-none-eabi/10.3.1/thumb/v7e-m+fp/hard\libgcc.a(_arm_addsubdf3.o)
 .ARM.attributes
                0x00000000000003ef       0x1e c:/users/owenc/.eclipse/com.st.stm32cube.ide.mcu.rcp.product_1.11.2_353793806_win32_win32_x86_64/plugins/com.st.stm32cube.ide.mcu.externaltools.gnu-tools-for-stm32.10.3-2021.10.win32_1.0.200.202301161003/tools/bin/../lib/gcc/arm-none-eabi/10.3.1/thumb/v7e-m+fp/hard\libgcc.a(_arm_truncdfsf2.o)
 .ARM.attributes
                0x000000000000040d       0x1e c:/users/owenc/.eclipse/com.st.stm32cube.ide.mcu.rcp.product_1.11.2_353793806_win32_win32_x86_64/plugins/com.st.stm32cube.ide.mcu.externaltools.gnu-tools-for-stm32.10.3-2021.10.win32_1.0.200.202301161003/tools/bin/../lib/gcc/arm-none-eabi/10.3.1/thumb/v7e-m+fp/hard/crtn.o

MAPPING_TABLE
 *(MAPPING_TABLE)

MB_MEM1
 *(MB_MEM1)
                0x0000000008003af4                _siMB_MEM2 = LOADADDR (.MB_MEM2)

.MB_MEM2        0x0000000020030000        0x0 load address 0x0000000008003af4
                0x0000000020030000                _sMB_MEM2 = .
 *(.MB_MEM2)
                0x0000000020030000                _eMB_MEM2 = .
OUTPUT(I2C.elf elf32-littlearm)
LOAD linker stubs
LOAD c:/users/owenc/.eclipse/com.st.stm32cube.ide.mcu.rcp.product_1.11.2_353793806_win32_win32_x86_64/plugins/com.st.stm32cube.ide.mcu.externaltools.gnu-tools-for-stm32.10.3-2021.10.win32_1.0.200.202301161003/tools/bin/../lib/gcc/arm-none-eabi/10.3.1/../../../../arm-none-eabi/lib/thumb/v7e-m+fp/hard\libc.a
LOAD c:/users/owenc/.eclipse/com.st.stm32cube.ide.mcu.rcp.product_1.11.2_353793806_win32_win32_x86_64/plugins/com.st.stm32cube.ide.mcu.externaltools.gnu-tools-for-stm32.10.3-2021.10.win32_1.0.200.202301161003/tools/bin/../lib/gcc/arm-none-eabi/10.3.1/../../../../arm-none-eabi/lib/thumb/v7e-m+fp/hard\libm.a
LOAD c:/users/owenc/.eclipse/com.st.stm32cube.ide.mcu.rcp.product_1.11.2_353793806_win32_win32_x86_64/plugins/com.st.stm32cube.ide.mcu.externaltools.gnu-tools-for-stm32.10.3-2021.10.win32_1.0.200.202301161003/tools/bin/../lib/gcc/arm-none-eabi/10.3.1/thumb/v7e-m+fp/hard\libgcc.a

.debug_info     0x0000000000000000     0xd407
 .debug_info    0x0000000000000000      0x8c9 ./Core/Src/MAX17043.o
 .debug_info    0x00000000000008c9     0x11d4 ./Core/Src/main.o
 .debug_info    0x0000000000001a9d      0xebc ./Core/Src/stm32wbxx_hal_msp.o
 .debug_info    0x0000000000002959      0x122 ./Core/Src/stm32wbxx_it.o
 .debug_info    0x0000000000002a7b      0x741 ./Core/Src/system_stm32wbxx.o
 .debug_info    0x00000000000031bc       0x22 ./Core/Startup/startup_stm32wb55rgvx.o
 .debug_info    0x00000000000031de     0x1379 ./Drivers/STM32WBxx_HAL_Driver/Src/stm32wbxx_hal.o
 .debug_info    0x0000000000004557      0xd41 ./Drivers/STM32WBxx_HAL_Driver/Src/stm32wbxx_hal_cortex.o
 .debug_info    0x0000000000005298      0x747 ./Drivers/STM32WBxx_HAL_Driver/Src/stm32wbxx_hal_gpio.o
 .debug_info    0x00000000000059df     0x23a6 ./Drivers/STM32WBxx_HAL_Driver/Src/stm32wbxx_hal_i2c.o
 .debug_info    0x0000000000007d85      0x987 ./Drivers/STM32WBxx_HAL_Driver/Src/stm32wbxx_hal_i2c_ex.o
 .debug_info    0x000000000000870c      0x939 ./Drivers/STM32WBxx_HAL_Driver/Src/stm32wbxx_hal_pwr.o
 .debug_info    0x0000000000009045     0x10e2 ./Drivers/STM32WBxx_HAL_Driver/Src/stm32wbxx_hal_pwr_ex.o
 .debug_info    0x000000000000a127     0x15a4 ./Drivers/STM32WBxx_HAL_Driver/Src/stm32wbxx_hal_rcc.o
 .debug_info    0x000000000000b6cb     0x1d3c ./Drivers/STM32WBxx_HAL_Driver/Src/stm32wbxx_hal_rcc_ex.o

.debug_abbrev   0x0000000000000000     0x1fa2
 .debug_abbrev  0x0000000000000000      0x18f ./Core/Src/MAX17043.o
 .debug_abbrev  0x000000000000018f      0x28f ./Core/Src/main.o
 .debug_abbrev  0x000000000000041e      0x229 ./Core/Src/stm32wbxx_hal_msp.o
 .debug_abbrev  0x0000000000000647       0x74 ./Core/Src/stm32wbxx_it.o
 .debug_abbrev  0x00000000000006bb      0x136 ./Core/Src/system_stm32wbxx.o
 .debug_abbrev  0x00000000000007f1       0x12 ./Core/Startup/startup_stm32wb55rgvx.o
 .debug_abbrev  0x0000000000000803      0x356 ./Drivers/STM32WBxx_HAL_Driver/Src/stm32wbxx_hal.o
 .debug_abbrev  0x0000000000000b59      0x30d ./Drivers/STM32WBxx_HAL_Driver/Src/stm32wbxx_hal_cortex.o
 .debug_abbrev  0x0000000000000e66      0x1d2 ./Drivers/STM32WBxx_HAL_Driver/Src/stm32wbxx_hal_gpio.o
 .debug_abbrev  0x0000000000001038      0x24a ./Drivers/STM32WBxx_HAL_Driver/Src/stm32wbxx_hal_i2c.o
 .debug_abbrev  0x0000000000001282      0x1b6 ./Drivers/STM32WBxx_HAL_Driver/Src/stm32wbxx_hal_i2c_ex.o
 .debug_abbrev  0x0000000000001438      0x1fb ./Drivers/STM32WBxx_HAL_Driver/Src/stm32wbxx_hal_pwr.o
 .debug_abbrev  0x0000000000001633      0x314 ./Drivers/STM32WBxx_HAL_Driver/Src/stm32wbxx_hal_pwr_ex.o
 .debug_abbrev  0x0000000000001947      0x311 ./Drivers/STM32WBxx_HAL_Driver/Src/stm32wbxx_hal_rcc.o
 .debug_abbrev  0x0000000000001c58      0x34a ./Drivers/STM32WBxx_HAL_Driver/Src/stm32wbxx_hal_rcc_ex.o

.debug_aranges  0x0000000000000000     0x11a8
 .debug_aranges
                0x0000000000000000       0x30 ./Core/Src/MAX17043.o
 .debug_aranges
                0x0000000000000030       0x50 ./Core/Src/main.o
 .debug_aranges
                0x0000000000000080       0x48 ./Core/Src/stm32wbxx_hal_msp.o
 .debug_aranges
                0x00000000000000c8       0x60 ./Core/Src/stm32wbxx_it.o
 .debug_aranges
                0x0000000000000128       0x28 ./Core/Src/system_stm32wbxx.o
 .debug_aranges
                0x0000000000000150       0x30 ./Core/Startup/startup_stm32wb55rgvx.o
 .debug_aranges
                0x0000000000000180      0x280 ./Drivers/STM32WBxx_HAL_Driver/Src/stm32wbxx_hal.o
 .debug_aranges
                0x0000000000000400      0x108 ./Drivers/STM32WBxx_HAL_Driver/Src/stm32wbxx_hal_cortex.o
 .debug_aranges
                0x0000000000000508       0x60 ./Drivers/STM32WBxx_HAL_Driver/Src/stm32wbxx_hal_gpio.o
 .debug_aranges
                0x0000000000000568      0x2a0 ./Drivers/STM32WBxx_HAL_Driver/Src/stm32wbxx_hal_i2c.o
 .debug_aranges
                0x0000000000000808       0x48 ./Drivers/STM32WBxx_HAL_Driver/Src/stm32wbxx_hal_i2c_ex.o
 .debug_aranges
                0x0000000000000850       0xd0 ./Drivers/STM32WBxx_HAL_Driver/Src/stm32wbxx_hal_pwr.o
 .debug_aranges
                0x0000000000000920      0x288 ./Drivers/STM32WBxx_HAL_Driver/Src/stm32wbxx_hal_pwr_ex.o
 .debug_aranges
                0x0000000000000ba8      0x270 ./Drivers/STM32WBxx_HAL_Driver/Src/stm32wbxx_hal_rcc.o
 .debug_aranges
                0x0000000000000e18      0x390 ./Drivers/STM32WBxx_HAL_Driver/Src/stm32wbxx_hal_rcc_ex.o

.debug_ranges   0x0000000000000000     0x10c0
 .debug_ranges  0x0000000000000000       0x20 ./Core/Src/MAX17043.o
 .debug_ranges  0x0000000000000020       0x40 ./Core/Src/main.o
 .debug_ranges  0x0000000000000060       0x38 ./Core/Src/stm32wbxx_hal_msp.o
 .debug_ranges  0x0000000000000098       0x50 ./Core/Src/stm32wbxx_it.o
 .debug_ranges  0x00000000000000e8       0x18 ./Core/Src/system_stm32wbxx.o
 .debug_ranges  0x0000000000000100       0x28 ./Core/Startup/startup_stm32wb55rgvx.o
 .debug_ranges  0x0000000000000128      0x270 ./Drivers/STM32WBxx_HAL_Driver/Src/stm32wbxx_hal.o
 .debug_ranges  0x0000000000000398       0xf8 ./Drivers/STM32WBxx_HAL_Driver/Src/stm32wbxx_hal_cortex.o
 .debug_ranges  0x0000000000000490       0x50 ./Drivers/STM32WBxx_HAL_Driver/Src/stm32wbxx_hal_gpio.o
 .debug_ranges  0x00000000000004e0      0x290 ./Drivers/STM32WBxx_HAL_Driver/Src/stm32wbxx_hal_i2c.o
 .debug_ranges  0x0000000000000770       0x38 ./Drivers/STM32WBxx_HAL_Driver/Src/stm32wbxx_hal_i2c_ex.o
 .debug_ranges  0x00000000000007a8       0xc0 ./Drivers/STM32WBxx_HAL_Driver/Src/stm32wbxx_hal_pwr.o
 .debug_ranges  0x0000000000000868      0x278 ./Drivers/STM32WBxx_HAL_Driver/Src/stm32wbxx_hal_pwr_ex.o
 .debug_ranges  0x0000000000000ae0      0x260 ./Drivers/STM32WBxx_HAL_Driver/Src/stm32wbxx_hal_rcc.o
 .debug_ranges  0x0000000000000d40      0x380 ./Drivers/STM32WBxx_HAL_Driver/Src/stm32wbxx_hal_rcc_ex.o

.debug_macro    0x0000000000000000    0x20fd5
 .debug_macro   0x0000000000000000      0x232 ./Core/Src/MAX17043.o
 .debug_macro   0x0000000000000232      0xa78 ./Core/Src/MAX17043.o
 .debug_macro   0x0000000000000caa      0x12a ./Core/Src/MAX17043.o
 .debug_macro   0x0000000000000dd4       0x2e ./Core/Src/MAX17043.o
 .debug_macro   0x0000000000000e02       0x2e ./Core/Src/MAX17043.o
 .debug_macro   0x0000000000000e30       0x22 ./Core/Src/MAX17043.o
 .debug_macro   0x0000000000000e52       0x8e ./Core/Src/MAX17043.o
 .debug_macro   0x0000000000000ee0       0x51 ./Core/Src/MAX17043.o
 .debug_macro   0x0000000000000f31      0x103 ./Core/Src/MAX17043.o
 .debug_macro   0x0000000000001034       0x6a ./Core/Src/MAX17043.o
 .debug_macro   0x000000000000109e      0x1df ./Core/Src/MAX17043.o
 .debug_macro   0x000000000000127d       0x1c ./Core/Src/MAX17043.o
 .debug_macro   0x0000000000001299       0x22 ./Core/Src/MAX17043.o
 .debug_macro   0x00000000000012bb       0xfb ./Core/Src/MAX17043.o
 .debug_macro   0x00000000000013b6     0x1011 ./Core/Src/MAX17043.o
 .debug_macro   0x00000000000023c7      0x11f ./Core/Src/MAX17043.o
 .debug_macro   0x00000000000024e6    0x12adb ./Core/Src/MAX17043.o
 .debug_macro   0x0000000000014fc1       0x6c ./Core/Src/MAX17043.o
 .debug_macro   0x000000000001502d     0x34c5 ./Core/Src/MAX17043.o
 .debug_macro   0x00000000000184f2      0x174 ./Core/Src/MAX17043.o
 .debug_macro   0x0000000000018666       0x5c ./Core/Src/MAX17043.o
 .debug_macro   0x00000000000186c2      0x3f5 ./Core/Src/MAX17043.o
 .debug_macro   0x0000000000018ab7      0x286 ./Core/Src/MAX17043.o
 .debug_macro   0x0000000000018d3d      0x30d ./Core/Src/MAX17043.o
 .debug_macro   0x000000000001904a      0x17e ./Core/Src/MAX17043.o
 .debug_macro   0x00000000000191c8       0x43 ./Core/Src/MAX17043.o
 .debug_macro   0x000000000001920b      0x236 ./Core/Src/MAX17043.o
 .debug_macro   0x0000000000019441      0x24a ./Core/Src/MAX17043.o
 .debug_macro   0x000000000001968b      0x57b ./Core/Src/MAX17043.o
 .debug_macro   0x0000000000019c06       0x2e ./Core/Src/MAX17043.o
 .debug_macro   0x0000000000019c34      0x100 ./Core/Src/MAX17043.o
 .debug_macro   0x0000000000019d34      0x1ba ./Core/Src/MAX17043.o
 .debug_macro   0x0000000000019eee      0x1cd ./Core/Src/MAX17043.o
 .debug_macro   0x000000000001a0bb      0x22c ./Core/Src/MAX17043.o
 .debug_macro   0x000000000001a2e7       0x55 ./Core/Src/MAX17043.o
 .debug_macro   0x000000000001a33c       0xa5 ./Core/Src/MAX17043.o
 .debug_macro   0x000000000001a3e1      0x381 ./Core/Src/MAX17043.o
 .debug_macro   0x000000000001a762      0x13d ./Core/Src/MAX17043.o
 .debug_macro   0x000000000001a89f      0x141 ./Core/Src/MAX17043.o
 .debug_macro   0x000000000001a9e0      0x4ff ./Core/Src/MAX17043.o
 .debug_macro   0x000000000001aedf      0x874 ./Core/Src/MAX17043.o
 .debug_macro   0x000000000001b753      0x259 ./Core/Src/MAX17043.o
 .debug_macro   0x000000000001b9ac     0x1bb1 ./Core/Src/MAX17043.o
 .debug_macro   0x000000000001d55d       0xe4 ./Core/Src/MAX17043.o
 .debug_macro   0x000000000001d641      0x5e7 ./Core/Src/MAX17043.o
 .debug_macro   0x000000000001dc28      0x557 ./Core/Src/MAX17043.o
 .debug_macro   0x000000000001e17f      0x433 ./Core/Src/MAX17043.o
 .debug_macro   0x000000000001e5b2       0x22 ./Core/Src/MAX17043.o
 .debug_macro   0x000000000001e5d4      0x3c4 ./Core/Src/main.o
 .debug_macro   0x000000000001e998       0x52 ./Core/Src/main.o
 .debug_macro   0x000000000001e9ea       0x1e ./Core/Src/main.o
 .debug_macro   0x000000000001ea08       0x3c ./Core/Src/main.o
 .debug_macro   0x000000000001ea44       0x34 ./Core/Src/main.o
 .debug_macro   0x000000000001ea78       0x16 ./Core/Src/main.o
 .debug_macro   0x000000000001ea8e       0x43 ./Core/Src/main.o
 .debug_macro   0x000000000001ead1       0x34 ./Core/Src/main.o
 .debug_macro   0x000000000001eb05       0x10 ./Core/Src/main.o
 .debug_macro   0x000000000001eb15       0x58 ./Core/Src/main.o
 .debug_macro   0x000000000001eb6d       0x71 ./Core/Src/main.o
 .debug_macro   0x000000000001ebde       0x1c ./Core/Src/main.o
 .debug_macro   0x000000000001ebfa      0x12a ./Core/Src/main.o
 .debug_macro   0x000000000001ed24      0x341 ./Core/Src/main.o
 .debug_macro   0x000000000001f065       0x10 ./Core/Src/main.o
 .debug_macro   0x000000000001f075       0x35 ./Core/Src/main.o
 .debug_macro   0x000000000001f0aa       0x20 ./Core/Src/main.o
 .debug_macro   0x000000000001f0ca       0x1c ./Core/Src/main.o
 .debug_macro   0x000000000001f0e6       0x10 ./Core/Src/main.o
 .debug_macro   0x000000000001f0f6       0x10 ./Core/Src/main.o
 .debug_macro   0x000000000001f106       0x1c ./Core/Src/main.o
 .debug_macro   0x000000000001f122       0x52 ./Core/Src/main.o
 .debug_macro   0x000000000001f174       0x22 ./Core/Src/main.o
 .debug_macro   0x000000000001f196       0x10 ./Core/Src/main.o
 .debug_macro   0x000000000001f1a6       0x52 ./Core/Src/main.o
 .debug_macro   0x000000000001f1f8       0xd5 ./Core/Src/main.o
 .debug_macro   0x000000000001f2cd       0x1c ./Core/Src/main.o
 .debug_macro   0x000000000001f2e9       0x3d ./Core/Src/main.o
 .debug_macro   0x000000000001f326       0x16 ./Core/Src/main.o
 .debug_macro   0x000000000001f33c      0x145 ./Core/Src/main.o
 .debug_macro   0x000000000001f481       0x10 ./Core/Src/main.o
 .debug_macro   0x000000000001f491      0x21d ./Core/Src/stm32wbxx_hal_msp.o
 .debug_macro   0x000000000001f6ae      0x227 ./Core/Src/stm32wbxx_it.o
 .debug_macro   0x000000000001f8d5      0x213 ./Core/Src/system_stm32wbxx.o
 .debug_macro   0x000000000001fae8      0x237 ./Drivers/STM32WBxx_HAL_Driver/Src/stm32wbxx_hal.o
 .debug_macro   0x000000000001fd1f      0x213 ./Drivers/STM32WBxx_HAL_Driver/Src/stm32wbxx_hal_cortex.o
 .debug_macro   0x000000000001ff32      0x21a ./Drivers/STM32WBxx_HAL_Driver/Src/stm32wbxx_hal_gpio.o
 .debug_macro   0x000000000002014c      0x2df ./Drivers/STM32WBxx_HAL_Driver/Src/stm32wbxx_hal_i2c.o
 .debug_macro   0x000000000002042b      0x213 ./Drivers/STM32WBxx_HAL_Driver/Src/stm32wbxx_hal_i2c_ex.o
 .debug_macro   0x000000000002063e      0x285 ./Drivers/STM32WBxx_HAL_Driver/Src/stm32wbxx_hal_pwr.o
 .debug_macro   0x00000000000208c3      0x225 ./Drivers/STM32WBxx_HAL_Driver/Src/stm32wbxx_hal_pwr_ex.o
 .debug_macro   0x0000000000020ae8      0x285 ./Drivers/STM32WBxx_HAL_Driver/Src/stm32wbxx_hal_rcc.o
 .debug_macro   0x0000000000020d6d      0x268 ./Drivers/STM32WBxx_HAL_Driver/Src/stm32wbxx_hal_rcc_ex.o

.debug_line     0x0000000000000000     0xf867
 .debug_line    0x0000000000000000      0x948 ./Core/Src/MAX17043.o
 .debug_line    0x0000000000000948      0xc6b ./Core/Src/main.o
 .debug_line    0x00000000000015b3      0x97e ./Core/Src/stm32wbxx_hal_msp.o
 .debug_line    0x0000000000001f31      0x983 ./Core/Src/stm32wbxx_it.o
 .debug_line    0x00000000000028b4      0x961 ./Core/Src/system_stm32wbxx.o
 .debug_line    0x0000000000003215       0x91 ./Core/Startup/startup_stm32wb55rgvx.o
 .debug_line    0x00000000000032a6     0x1146 ./Drivers/STM32WBxx_HAL_Driver/Src/stm32wbxx_hal.o
 .debug_line    0x00000000000043ec      0xe10 ./Drivers/STM32WBxx_HAL_Driver/Src/stm32wbxx_hal_cortex.o
 .debug_line    0x00000000000051fc      0xcf1 ./Drivers/STM32WBxx_HAL_Driver/Src/stm32wbxx_hal_gpio.o
 .debug_line    0x0000000000005eed     0x393b ./Drivers/STM32WBxx_HAL_Driver/Src/stm32wbxx_hal_i2c.o
 .debug_line    0x0000000000009828      0xadc ./Drivers/STM32WBxx_HAL_Driver/Src/stm32wbxx_hal_i2c_ex.o
 .debug_line    0x000000000000a304      0xb6b ./Drivers/STM32WBxx_HAL_Driver/Src/stm32wbxx_hal_pwr.o
 .debug_line    0x000000000000ae6f     0x12af ./Drivers/STM32WBxx_HAL_Driver/Src/stm32wbxx_hal_pwr_ex.o
 .debug_line    0x000000000000c11e     0x1961 ./Drivers/STM32WBxx_HAL_Driver/Src/stm32wbxx_hal_rcc.o
 .debug_line    0x000000000000da7f     0x1de8 ./Drivers/STM32WBxx_HAL_Driver/Src/stm32wbxx_hal_rcc_ex.o

.debug_str      0x0000000000000000    0xd2667
 .debug_str     0x0000000000000000    0xc9857 ./Core/Src/MAX17043.o
                                      0xca3d6 (size before relaxing)
 .debug_str     0x00000000000c9857     0x43d5 ./Core/Src/main.o
                                      0xce7fc (size before relaxing)
 .debug_str     0x00000000000cdc2c      0x107 ./Core/Src/stm32wbxx_hal_msp.o
                                      0xca7b8 (size before relaxing)
 .debug_str     0x00000000000cdd33       0xc9 ./Core/Src/stm32wbxx_it.o
                                      0xc9d6b (size before relaxing)
 .debug_str     0x00000000000cddfc      0x105 ./Core/Src/system_stm32wbxx.o
                                      0xc9fe1 (size before relaxing)
 .debug_str     0x00000000000cdf01       0x36 ./Core/Startup/startup_stm32wb55rgvx.o
                                         0x50 (size before relaxing)
 .debug_str     0x00000000000cdf37      0xe55 ./Drivers/STM32WBxx_HAL_Driver/Src/stm32wbxx_hal.o
                                      0xcaec7 (size before relaxing)
 .debug_str     0x00000000000ced8c      0x331 ./Drivers/STM32WBxx_HAL_Driver/Src/stm32wbxx_hal_cortex.o
                                      0xca647 (size before relaxing)
 .debug_str     0x00000000000cf0bd      0x18d ./Drivers/STM32WBxx_HAL_Driver/Src/stm32wbxx_hal_gpio.o
                                      0xc9fbb (size before relaxing)
 .debug_str     0x00000000000cf24a      0xdb0 ./Drivers/STM32WBxx_HAL_Driver/Src/stm32wbxx_hal_i2c.o
                                      0xcb201 (size before relaxing)
 .debug_str     0x00000000000cfffa       0xb8 ./Drivers/STM32WBxx_HAL_Driver/Src/stm32wbxx_hal_i2c_ex.o
                                      0xca41a (size before relaxing)
 .debug_str     0x00000000000d00b2      0x5d0 ./Drivers/STM32WBxx_HAL_Driver/Src/stm32wbxx_hal_pwr.o
                                      0xca451 (size before relaxing)
 .debug_str     0x00000000000d0682      0x826 ./Drivers/STM32WBxx_HAL_Driver/Src/stm32wbxx_hal_pwr_ex.o
                                      0xca952 (size before relaxing)
 .debug_str     0x00000000000d0ea8      0xb3f ./Drivers/STM32WBxx_HAL_Driver/Src/stm32wbxx_hal_rcc.o
                                      0xcae3f (size before relaxing)
 .debug_str     0x00000000000d19e7      0xc80 ./Drivers/STM32WBxx_HAL_Driver/Src/stm32wbxx_hal_rcc_ex.o
                                      0xcb268 (size before relaxing)

.comment        0x0000000000000000       0x50
 .comment       0x0000000000000000       0x50 ./Core/Src/MAX17043.o
                                         0x51 (size before relaxing)
 .comment       0x0000000000000050       0x51 ./Core/Src/main.o
 .comment       0x0000000000000050       0x51 ./Core/Src/stm32wbxx_hal_msp.o
 .comment       0x0000000000000050       0x51 ./Core/Src/stm32wbxx_it.o
 .comment       0x0000000000000050       0x51 ./Core/Src/system_stm32wbxx.o
 .comment       0x0000000000000050       0x51 ./Drivers/STM32WBxx_HAL_Driver/Src/stm32wbxx_hal.o
 .comment       0x0000000000000050       0x51 ./Drivers/STM32WBxx_HAL_Driver/Src/stm32wbxx_hal_cortex.o
 .comment       0x0000000000000050       0x51 ./Drivers/STM32WBxx_HAL_Driver/Src/stm32wbxx_hal_gpio.o
 .comment       0x0000000000000050       0x51 ./Drivers/STM32WBxx_HAL_Driver/Src/stm32wbxx_hal_i2c.o
 .comment       0x0000000000000050       0x51 ./Drivers/STM32WBxx_HAL_Driver/Src/stm32wbxx_hal_i2c_ex.o
 .comment       0x0000000000000050       0x51 ./Drivers/STM32WBxx_HAL_Driver/Src/stm32wbxx_hal_pwr.o
 .comment       0x0000000000000050       0x51 ./Drivers/STM32WBxx_HAL_Driver/Src/stm32wbxx_hal_pwr_ex.o
 .comment       0x0000000000000050       0x51 ./Drivers/STM32WBxx_HAL_Driver/Src/stm32wbxx_hal_rcc.o
 .comment       0x0000000000000050       0x51 ./Drivers/STM32WBxx_HAL_Driver/Src/stm32wbxx_hal_rcc_ex.o

.debug_frame    0x0000000000000000     0x49bc
 .debug_frame   0x0000000000000000       0x84 ./Core/Src/MAX17043.o
 .debug_frame   0x0000000000000084       0xec ./Core/Src/main.o
 .debug_frame   0x0000000000000170       0xf0 ./Core/Src/stm32wbxx_hal_msp.o
 .debug_frame   0x0000000000000260      0x104 ./Core/Src/stm32wbxx_it.o
 .debug_frame   0x0000000000000364       0x58 ./Core/Src/system_stm32wbxx.o
 .debug_frame   0x00000000000003bc      0xa34 ./Drivers/STM32WBxx_HAL_Driver/Src/stm32wbxx_hal.o
 .debug_frame   0x0000000000000df0      0x44c ./Drivers/STM32WBxx_HAL_Driver/Src/stm32wbxx_hal_cortex.o
 .debug_frame   0x000000000000123c      0x174 ./Drivers/STM32WBxx_HAL_Driver/Src/stm32wbxx_hal_gpio.o
 .debug_frame   0x00000000000013b0      0xc38 ./Drivers/STM32WBxx_HAL_Driver/Src/stm32wbxx_hal_i2c.o
 .debug_frame   0x0000000000001fe8      0x100 ./Drivers/STM32WBxx_HAL_Driver/Src/stm32wbxx_hal_i2c_ex.o
 .debug_frame   0x00000000000020e8      0x344 ./Drivers/STM32WBxx_HAL_Driver/Src/stm32wbxx_hal_pwr.o
 .debug_frame   0x000000000000242c      0xb00 ./Drivers/STM32WBxx_HAL_Driver/Src/stm32wbxx_hal_pwr_ex.o
 .debug_frame   0x0000000000002f2c      0xa0c ./Drivers/STM32WBxx_HAL_Driver/Src/stm32wbxx_hal_rcc.o
 .debug_frame   0x0000000000003938      0xf38 ./Drivers/STM32WBxx_HAL_Driver/Src/stm32wbxx_hal_rcc_ex.o
 .debug_frame   0x0000000000004870       0x2c c:/users/owenc/.eclipse/com.st.stm32cube.ide.mcu.rcp.product_1.11.2_353793806_win32_win32_x86_64/plugins/com.st.stm32cube.ide.mcu.externaltools.gnu-tools-for-stm32.10.3-2021.10.win32_1.0.200.202301161003/tools/bin/../lib/gcc/arm-none-eabi/10.3.1/../../../../arm-none-eabi/lib/thumb/v7e-m+fp/hard\libc_nano.a(lib_a-init.o)
 .debug_frame   0x000000000000489c       0x20 c:/users/owenc/.eclipse/com.st.stm32cube.ide.mcu.rcp.product_1.11.2_353793806_win32_win32_x86_64/plugins/com.st.stm32cube.ide.mcu.externaltools.gnu-tools-for-stm32.10.3-2021.10.win32_1.0.200.202301161003/tools/bin/../lib/gcc/arm-none-eabi/10.3.1/../../../../arm-none-eabi/lib/thumb/v7e-m+fp/hard\libc_nano.a(lib_a-memset.o)
 .debug_frame   0x00000000000048bc       0x30 c:/users/owenc/.eclipse/com.st.stm32cube.ide.mcu.rcp.product_1.11.2_353793806_win32_win32_x86_64/plugins/com.st.stm32cube.ide.mcu.externaltools.gnu-tools-for-stm32.10.3-2021.10.win32_1.0.200.202301161003/tools/bin/../lib/gcc/arm-none-eabi/10.3.1/thumb/v7e-m+fp/hard\libgcc.a(_arm_muldf3.o)
 .debug_frame   0x00000000000048ec       0xac c:/users/owenc/.eclipse/com.st.stm32cube.ide.mcu.rcp.product_1.11.2_353793806_win32_win32_x86_64/plugins/com.st.stm32cube.ide.mcu.externaltools.gnu-tools-for-stm32.10.3-2021.10.win32_1.0.200.202301161003/tools/bin/../lib/gcc/arm-none-eabi/10.3.1/thumb/v7e-m+fp/hard\libgcc.a(_arm_addsubdf3.o)
 .debug_frame   0x0000000000004998       0x24 c:/users/owenc/.eclipse/com.st.stm32cube.ide.mcu.rcp.product_1.11.2_353793806_win32_win32_x86_64/plugins/com.st.stm32cube.ide.mcu.externaltools.gnu-tools-for-stm32.10.3-2021.10.win32_1.0.200.202301161003/tools/bin/../lib/gcc/arm-none-eabi/10.3.1/thumb/v7e-m+fp/hard\libgcc.a(_arm_truncdfsf2.o)
